[15:49:06] Root: C:\tcc\csp-ctl-rl
[15:49:06] Plan: reports\cleanup_dry_run.json
[15:49:06] Mode: DRY-RUN; retention_days=30; keep_n=15
[15:49:06] [ARCHIVE] patterns\patterns_20_trim299_all.csv -> _archive\patterns\patterns_20_trim299_all.csv
[15:49:06] [ARCHIVE] patterns\patterns_20_trim29_all.csv -> _archive\patterns\patterns_20_trim29_all.csv
[15:49:06] [ARCHIVE] patterns\patterns_20_trim29_all_coil1000.csv -> _archive\patterns\patterns_20_trim29_all_coil1000.csv
[15:49:06] [ARCHIVE] patterns\patterns_20_trim399_all.csv -> _archive\patterns\patterns_20_trim399_all.csv
[15:49:06] [ARCHIVE] patterns\patterns_60_trim24_all.csv -> _archive\patterns\patterns_60_trim24_all.csv
[15:49:06] [IGNORE] Not deleting directory via 'delete': __pycache__
[15:49:06] [IGNORE] Protected from delete: .venv\Lib\site-packages\__pycache__
[15:49:06] [IGNORE] Protected from delete: .venv\Lib\site-packages\absl\__pycache__
[15:49:06] [IGNORE] Protected from delete: .venv\Lib\site-packages\absl\flags\__pycache__
[15:49:06] [IGNORE] Protected from delete: .venv\Lib\site-packages\cloudpickle\__pycache__
[15:49:06] [IGNORE] Protected from delete: .venv\Lib\site-packages\colorama\__pycache__
[15:49:06] [IGNORE] Protected from delete: .venv\Lib\site-packages\cycler\__pycache__
[15:49:06] [IGNORE] Protected from delete: .venv\Lib\site-packages\dateutil\__pycache__
[15:49:06] [IGNORE] Protected from delete: .venv\Lib\site-packages\dateutil\parser\__pycache__
[15:49:06] [IGNORE] Protected from delete: .venv\Lib\site-packages\dateutil\tz\__pycache__
[15:49:06] [IGNORE] Protected from delete: .venv\Lib\site-packages\farama_notifications\__pycache__
[15:49:06] [IGNORE] Protected from delete: .venv\Lib\site-packages\fsspec\__pycache__
[15:49:06] [IGNORE] Protected from delete: .venv\Lib\site-packages\google\protobuf\__pycache__
[15:49:06] [IGNORE] Protected from delete: .venv\Lib\site-packages\google\protobuf\internal\__pycache__
[15:49:06] [IGNORE] Protected from delete: .venv\Lib\site-packages\google\protobuf\pyext\__pycache__
[15:49:06] [IGNORE] Protected from delete: .venv\Lib\site-packages\gymnasium\__pycache__
[15:49:06] [IGNORE] Protected from delete: .venv\Lib\site-packages\gymnasium\envs\__pycache__
[15:49:06] [IGNORE] Protected from delete: .venv\Lib\site-packages\gymnasium\experimental\__pycache__
[15:49:06] [IGNORE] Protected from delete: .venv\Lib\site-packages\gymnasium\spaces\__pycache__
[15:49:06] [IGNORE] Protected from delete: .venv\Lib\site-packages\gymnasium\utils\__pycache__
[15:49:06] [IGNORE] Protected from delete: .venv\Lib\site-packages\gymnasium\vector\__pycache__
[15:49:06] [IGNORE] Protected from delete: .venv\Lib\site-packages\gymnasium\vector\utils\__pycache__
[15:49:06] [IGNORE] Protected from delete: .venv\Lib\site-packages\gymnasium\wrappers\__pycache__
[15:49:06] [IGNORE] Protected from delete: .venv\Lib\site-packages\gymnasium\wrappers\vector\__pycache__
[15:49:06] [IGNORE] Protected from delete: .venv\Lib\site-packages\iniconfig\__pycache__
[15:49:06] [IGNORE] Protected from delete: .venv\Lib\site-packages\kiwisolver\__pycache__
[15:49:06] [IGNORE] Protected from delete: .venv\Lib\site-packages\markdown_it\__pycache__
[15:49:06] [IGNORE] Protected from delete: .venv\Lib\site-packages\markdown_it\cli\__pycache__
[15:49:06] [IGNORE] Protected from delete: .venv\Lib\site-packages\markdown_it\common\__pycache__
[15:49:06] [IGNORE] Protected from delete: .venv\Lib\site-packages\markdown_it\helpers\__pycache__
[15:49:06] [IGNORE] Protected from delete: .venv\Lib\site-packages\markdown_it\presets\__pycache__
[15:49:06] [IGNORE] Protected from delete: .venv\Lib\site-packages\markdown_it\rules_block\__pycache__
[15:49:06] [IGNORE] Protected from delete: .venv\Lib\site-packages\markdown_it\rules_core\__pycache__
[15:49:06] [IGNORE] Protected from delete: .venv\Lib\site-packages\markdown_it\rules_inline\__pycache__
[15:49:06] [IGNORE] Protected from delete: .venv\Lib\site-packages\matplotlib\__pycache__
[15:49:06] [IGNORE] Protected from delete: .venv\Lib\site-packages\matplotlib\axes\__pycache__
[15:49:06] [IGNORE] Protected from delete: .venv\Lib\site-packages\matplotlib\backends\__pycache__
[15:49:06] [IGNORE] Protected from delete: .venv\Lib\site-packages\matplotlib\projections\__pycache__
[15:49:06] [IGNORE] Protected from delete: .venv\Lib\site-packages\matplotlib\style\__pycache__
[15:49:06] [IGNORE] Protected from delete: .venv\Lib\site-packages\matplotlib\tri\__pycache__
[15:49:06] [IGNORE] Protected from delete: .venv\Lib\site-packages\matplotlib\_api\__pycache__
[15:49:06] [IGNORE] Protected from delete: .venv\Lib\site-packages\mdurl\__pycache__
[15:49:06] [IGNORE] Protected from delete: .venv\Lib\site-packages\mpl_toolkits\mplot3d\__pycache__
[15:49:06] [IGNORE] Protected from delete: .venv\Lib\site-packages\mpmath\__pycache__
[15:49:06] [IGNORE] Protected from delete: .venv\Lib\site-packages\mpmath\calculus\__pycache__
[15:49:06] [IGNORE] Protected from delete: .venv\Lib\site-packages\mpmath\functions\__pycache__
[15:49:06] [IGNORE] Protected from delete: .venv\Lib\site-packages\mpmath\libmp\__pycache__
[15:49:06] [IGNORE] Protected from delete: .venv\Lib\site-packages\mpmath\matrices\__pycache__
[15:49:06] [IGNORE] Protected from delete: .venv\Lib\site-packages\numpy\__pycache__
[15:49:06] [IGNORE] Protected from delete: .venv\Lib\site-packages\numpy\fft\__pycache__
[15:49:06] [IGNORE] Protected from delete: .venv\Lib\site-packages\numpy\lib\__pycache__
[15:49:06] [IGNORE] Protected from delete: .venv\Lib\site-packages\numpy\linalg\__pycache__
[15:49:06] [IGNORE] Protected from delete: .venv\Lib\site-packages\numpy\ma\__pycache__
[15:49:06] [IGNORE] Protected from delete: .venv\Lib\site-packages\numpy\matrixlib\__pycache__
[15:49:06] [IGNORE] Protected from delete: .venv\Lib\site-packages\numpy\random\__pycache__
[15:49:06] [IGNORE] Protected from delete: .venv\Lib\site-packages\numpy\rec\__pycache__
[15:49:06] [IGNORE] Protected from delete: .venv\Lib\site-packages\numpy\typing\__pycache__
[15:49:06] [IGNORE] Protected from delete: .venv\Lib\site-packages\numpy\_core\__pycache__
[15:49:06] [IGNORE] Protected from delete: .venv\Lib\site-packages\numpy\_typing\__pycache__
[15:49:06] [IGNORE] Protected from delete: .venv\Lib\site-packages\numpy\_utils\__pycache__
[15:49:06] [IGNORE] Protected from delete: .venv\Lib\site-packages\packaging\__pycache__
[15:49:06] [IGNORE] Protected from delete: .venv\Lib\site-packages\pandas\__pycache__
[15:49:06] [IGNORE] Protected from delete: .venv\Lib\site-packages\pandas\api\__pycache__
[15:49:06] [IGNORE] Protected from delete: .venv\Lib\site-packages\pandas\api\extensions\__pycache__
[15:49:06] [IGNORE] Protected from delete: .venv\Lib\site-packages\pandas\api\indexers\__pycache__
[15:49:06] [IGNORE] Protected from delete: .venv\Lib\site-packages\pandas\api\interchange\__pycache__
[15:49:06] [IGNORE] Protected from delete: .venv\Lib\site-packages\pandas\api\types\__pycache__
[15:49:06] [IGNORE] Protected from delete: .venv\Lib\site-packages\pandas\api\typing\__pycache__
[15:49:06] [IGNORE] Protected from delete: .venv\Lib\site-packages\pandas\arrays\__pycache__
[15:49:06] [IGNORE] Protected from delete: .venv\Lib\site-packages\pandas\compat\__pycache__
[15:49:06] [IGNORE] Protected from delete: .venv\Lib\site-packages\pandas\compat\numpy\__pycache__
[15:49:06] [IGNORE] Protected from delete: .venv\Lib\site-packages\pandas\core\__pycache__
[15:49:06] [IGNORE] Protected from delete: .venv\Lib\site-packages\pandas\core\arrays\__pycache__
[15:49:06] [IGNORE] Protected from delete: .venv\Lib\site-packages\pandas\core\arrays\arrow\__pycache__
[15:49:06] [IGNORE] Protected from delete: .venv\Lib\site-packages\pandas\core\arrays\sparse\__pycache__
[15:49:06] [IGNORE] Protected from delete: .venv\Lib\site-packages\pandas\core\array_algos\__pycache__
[15:49:06] [IGNORE] Protected from delete: .venv\Lib\site-packages\pandas\core\computation\__pycache__
[15:49:06] [IGNORE] Protected from delete: .venv\Lib\site-packages\pandas\core\dtypes\__pycache__
[15:49:06] [IGNORE] Protected from delete: .venv\Lib\site-packages\pandas\core\groupby\__pycache__
[15:49:06] [IGNORE] Protected from delete: .venv\Lib\site-packages\pandas\core\indexers\__pycache__
[15:49:06] [IGNORE] Protected from delete: .venv\Lib\site-packages\pandas\core\indexes\__pycache__
[15:49:06] [IGNORE] Protected from delete: .venv\Lib\site-packages\pandas\core\interchange\__pycache__
[15:49:06] [IGNORE] Protected from delete: .venv\Lib\site-packages\pandas\core\internals\__pycache__
[15:49:06] [IGNORE] Protected from delete: .venv\Lib\site-packages\pandas\core\methods\__pycache__
[15:49:06] [IGNORE] Protected from delete: .venv\Lib\site-packages\pandas\core\ops\__pycache__
[15:49:06] [IGNORE] Protected from delete: .venv\Lib\site-packages\pandas\core\reshape\__pycache__
[15:49:06] [IGNORE] Protected from delete: .venv\Lib\site-packages\pandas\core\strings\__pycache__
[15:49:06] [IGNORE] Protected from delete: .venv\Lib\site-packages\pandas\core\tools\__pycache__
[15:49:06] [IGNORE] Protected from delete: .venv\Lib\site-packages\pandas\core\util\__pycache__
[15:49:06] [IGNORE] Protected from delete: .venv\Lib\site-packages\pandas\core\window\__pycache__
[15:49:06] [IGNORE] Protected from delete: .venv\Lib\site-packages\pandas\core\_numba\__pycache__
[15:49:06] [IGNORE] Protected from delete: .venv\Lib\site-packages\pandas\errors\__pycache__
[15:49:06] [IGNORE] Protected from delete: .venv\Lib\site-packages\pandas\io\__pycache__
[15:49:06] [IGNORE] Protected from delete: .venv\Lib\site-packages\pandas\io\excel\__pycache__
[15:49:06] [IGNORE] Protected from delete: .venv\Lib\site-packages\pandas\io\formats\__pycache__
[15:49:06] [IGNORE] Protected from delete: .venv\Lib\site-packages\pandas\io\json\__pycache__
[15:49:06] [IGNORE] Protected from delete: .venv\Lib\site-packages\pandas\io\parsers\__pycache__
[15:49:06] [IGNORE] Protected from delete: .venv\Lib\site-packages\pandas\io\sas\__pycache__
[15:49:06] [IGNORE] Protected from delete: .venv\Lib\site-packages\pandas\plotting\__pycache__
[15:49:06] [IGNORE] Protected from delete: .venv\Lib\site-packages\pandas\tseries\__pycache__
[15:49:06] [IGNORE] Protected from delete: .venv\Lib\site-packages\pandas\util\__pycache__
[15:49:06] [IGNORE] Protected from delete: .venv\Lib\site-packages\pandas\util\version\__pycache__
[15:49:06] [IGNORE] Protected from delete: .venv\Lib\site-packages\pandas\_config\__pycache__
[15:49:06] [IGNORE] Protected from delete: .venv\Lib\site-packages\pandas\_libs\__pycache__
[15:49:06] [IGNORE] Protected from delete: .venv\Lib\site-packages\pandas\_libs\tslibs\__pycache__
[15:49:06] [IGNORE] Protected from delete: .venv\Lib\site-packages\pandas\_libs\window\__pycache__
[15:49:06] [IGNORE] Protected from delete: .venv\Lib\site-packages\pandas\_testing\__pycache__
[15:49:06] [IGNORE] Protected from delete: .venv\Lib\site-packages\PIL\__pycache__
[15:49:06] [IGNORE] Protected from delete: .venv\Lib\site-packages\pip\__pycache__
[15:49:06] [IGNORE] Protected from delete: .venv\Lib\site-packages\pip\_internal\__pycache__
[15:49:06] [IGNORE] Protected from delete: .venv\Lib\site-packages\pip\_internal\cli\__pycache__
[15:49:06] [IGNORE] Protected from delete: .venv\Lib\site-packages\pip\_internal\commands\__pycache__
[15:49:06] [IGNORE] Protected from delete: .venv\Lib\site-packages\pip\_internal\distributions\__pycache__
[15:49:06] [IGNORE] Protected from delete: .venv\Lib\site-packages\pip\_internal\index\__pycache__
[15:49:06] [IGNORE] Protected from delete: .venv\Lib\site-packages\pip\_internal\locations\__pycache__
[15:49:06] [IGNORE] Protected from delete: .venv\Lib\site-packages\pip\_internal\metadata\__pycache__
[15:49:06] [IGNORE] Protected from delete: .venv\Lib\site-packages\pip\_internal\metadata\importlib\__pycache__
[15:49:06] [IGNORE] Protected from delete: .venv\Lib\site-packages\pip\_internal\models\__pycache__
[15:49:06] [IGNORE] Protected from delete: .venv\Lib\site-packages\pip\_internal\network\__pycache__
[15:49:06] [IGNORE] Protected from delete: .venv\Lib\site-packages\pip\_internal\operations\__pycache__
[15:49:06] [IGNORE] Protected from delete: .venv\Lib\site-packages\pip\_internal\operations\build\__pycache__
[15:49:06] [IGNORE] Protected from delete: .venv\Lib\site-packages\pip\_internal\operations\install\__pycache__
[15:49:06] [IGNORE] Protected from delete: .venv\Lib\site-packages\pip\_internal\req\__pycache__
[15:49:06] [IGNORE] Protected from delete: .venv\Lib\site-packages\pip\_internal\resolution\__pycache__
[15:49:06] [IGNORE] Protected from delete: .venv\Lib\site-packages\pip\_internal\resolution\resolvelib\__pycache__
[15:49:06] [IGNORE] Protected from delete: .venv\Lib\site-packages\pip\_internal\utils\__pycache__
[15:49:06] [IGNORE] Protected from delete: .venv\Lib\site-packages\pip\_internal\vcs\__pycache__
[15:49:06] [IGNORE] Protected from delete: .venv\Lib\site-packages\pip\_vendor\__pycache__
[15:49:06] [IGNORE] Protected from delete: .venv\Lib\site-packages\pip\_vendor\cachecontrol\__pycache__
[15:49:06] [IGNORE] Protected from delete: .venv\Lib\site-packages\pip\_vendor\cachecontrol\caches\__pycache__
[15:49:06] [IGNORE] Protected from delete: .venv\Lib\site-packages\pip\_vendor\certifi\__pycache__
[15:49:06] [IGNORE] Protected from delete: .venv\Lib\site-packages\pip\_vendor\dependency_groups\__pycache__
[15:49:06] [IGNORE] Protected from delete: .venv\Lib\site-packages\pip\_vendor\distlib\__pycache__
[15:49:06] [IGNORE] Protected from delete: .venv\Lib\site-packages\pip\_vendor\idna\__pycache__
[15:49:06] [IGNORE] Protected from delete: .venv\Lib\site-packages\pip\_vendor\msgpack\__pycache__
[15:49:06] [IGNORE] Protected from delete: .venv\Lib\site-packages\pip\_vendor\packaging\__pycache__
[15:49:06] [IGNORE] Protected from delete: .venv\Lib\site-packages\pip\_vendor\platformdirs\__pycache__
[15:49:06] [IGNORE] Protected from delete: .venv\Lib\site-packages\pip\_vendor\pygments\__pycache__
[15:49:06] [IGNORE] Protected from delete: .venv\Lib\site-packages\pip\_vendor\pygments\filters\__pycache__
[15:49:06] [IGNORE] Protected from delete: .venv\Lib\site-packages\pip\_vendor\pygments\lexers\__pycache__
[15:49:06] [IGNORE] Protected from delete: .venv\Lib\site-packages\pip\_vendor\pygments\styles\__pycache__
[15:49:06] [IGNORE] Protected from delete: .venv\Lib\site-packages\pip\_vendor\pyproject_hooks\__pycache__
[15:49:06] [IGNORE] Protected from delete: .venv\Lib\site-packages\pip\_vendor\pyproject_hooks\_in_process\__pycache__
[15:49:06] [IGNORE] Protected from delete: .venv\Lib\site-packages\pip\_vendor\requests\__pycache__
[15:49:06] [IGNORE] Protected from delete: .venv\Lib\site-packages\pip\_vendor\resolvelib\__pycache__
[15:49:06] [IGNORE] Protected from delete: .venv\Lib\site-packages\pip\_vendor\resolvelib\resolvers\__pycache__
[15:49:06] [IGNORE] Protected from delete: .venv\Lib\site-packages\pip\_vendor\rich\__pycache__
[15:49:06] [IGNORE] Protected from delete: .venv\Lib\site-packages\pip\_vendor\truststore\__pycache__
[15:49:06] [IGNORE] Protected from delete: .venv\Lib\site-packages\pip\_vendor\urllib3\__pycache__
[15:49:06] [IGNORE] Protected from delete: .venv\Lib\site-packages\pip\_vendor\urllib3\contrib\__pycache__
[15:49:06] [IGNORE] Protected from delete: .venv\Lib\site-packages\pip\_vendor\urllib3\packages\__pycache__
[15:49:06] [IGNORE] Protected from delete: .venv\Lib\site-packages\pip\_vendor\urllib3\util\__pycache__
[15:49:06] [IGNORE] Protected from delete: .venv\Lib\site-packages\pluggy\__pycache__
[15:49:06] [IGNORE] Protected from delete: .venv\Lib\site-packages\pulp\__pycache__
[15:49:06] [IGNORE] Protected from delete: .venv\Lib\site-packages\pulp\apis\__pycache__
[15:49:06] [IGNORE] Protected from delete: .venv\Lib\site-packages\pulp\solverdir\__pycache__
[15:49:06] [IGNORE] Protected from delete: .venv\Lib\site-packages\pulp\solverdir\cbc\linux\arm64\__pycache__
[15:49:06] [IGNORE] Protected from delete: .venv\Lib\site-packages\pulp\solverdir\cbc\linux\i32\__pycache__
[15:49:06] [IGNORE] Protected from delete: .venv\Lib\site-packages\pulp\solverdir\cbc\linux\i64\__pycache__
[15:49:06] [IGNORE] Protected from delete: .venv\Lib\site-packages\pulp\solverdir\cbc\osx\i64\__pycache__
[15:49:06] [IGNORE] Protected from delete: .venv\Lib\site-packages\pulp\solverdir\cbc\win\i32\__pycache__
[15:49:06] [IGNORE] Protected from delete: .venv\Lib\site-packages\pulp\solverdir\cbc\win\i64\__pycache__
[15:49:06] [IGNORE] Protected from delete: .venv\Lib\site-packages\pulp\tests\__pycache__
[15:49:06] [IGNORE] Protected from delete: .venv\Lib\site-packages\pygments\__pycache__
[15:49:06] [IGNORE] Protected from delete: .venv\Lib\site-packages\pygments\filters\__pycache__
[15:49:06] [IGNORE] Protected from delete: .venv\Lib\site-packages\pygments\formatters\__pycache__
[15:49:06] [IGNORE] Protected from delete: .venv\Lib\site-packages\pygments\lexers\__pycache__
[15:49:06] [IGNORE] Protected from delete: .venv\Lib\site-packages\pygments\styles\__pycache__
[15:49:06] [IGNORE] Protected from delete: .venv\Lib\site-packages\pyparsing\__pycache__
[15:49:06] [IGNORE] Protected from delete: .venv\Lib\site-packages\pytest\__pycache__
[15:49:06] [IGNORE] Protected from delete: .venv\Lib\site-packages\pytz\__pycache__
[15:49:06] [IGNORE] Protected from delete: .venv\Lib\site-packages\rich\__pycache__
[15:49:06] [IGNORE] Protected from delete: .venv\Lib\site-packages\stable_baselines3\__pycache__
[15:49:06] [IGNORE] Protected from delete: .venv\Lib\site-packages\stable_baselines3\a2c\__pycache__
[15:49:06] [IGNORE] Protected from delete: .venv\Lib\site-packages\stable_baselines3\common\__pycache__
[15:49:06] [IGNORE] Protected from delete: .venv\Lib\site-packages\stable_baselines3\common\vec_env\__pycache__
[15:49:06] [IGNORE] Protected from delete: .venv\Lib\site-packages\stable_baselines3\ddpg\__pycache__
[15:49:06] [IGNORE] Protected from delete: .venv\Lib\site-packages\stable_baselines3\dqn\__pycache__
[15:49:06] [IGNORE] Protected from delete: .venv\Lib\site-packages\stable_baselines3\her\__pycache__
[15:49:06] [IGNORE] Protected from delete: .venv\Lib\site-packages\stable_baselines3\ppo\__pycache__
[15:49:06] [IGNORE] Protected from delete: .venv\Lib\site-packages\stable_baselines3\sac\__pycache__
[15:49:06] [IGNORE] Protected from delete: .venv\Lib\site-packages\stable_baselines3\td3\__pycache__
[15:49:06] [IGNORE] Protected from delete: .venv\Lib\site-packages\sympy\__pycache__
[15:49:06] [IGNORE] Protected from delete: .venv\Lib\site-packages\sympy\algebras\__pycache__
[15:49:06] [IGNORE] Protected from delete: .venv\Lib\site-packages\sympy\assumptions\__pycache__
[15:49:06] [IGNORE] Protected from delete: .venv\Lib\site-packages\sympy\assumptions\relation\__pycache__
[15:49:06] [IGNORE] Protected from delete: .venv\Lib\site-packages\sympy\calculus\__pycache__
[15:49:06] [IGNORE] Protected from delete: .venv\Lib\site-packages\sympy\concrete\__pycache__
[15:49:06] [IGNORE] Protected from delete: .venv\Lib\site-packages\sympy\core\__pycache__
[15:49:06] [IGNORE] Protected from delete: .venv\Lib\site-packages\sympy\discrete\__pycache__
[15:49:06] [IGNORE] Protected from delete: .venv\Lib\site-packages\sympy\external\__pycache__
[15:49:06] [IGNORE] Protected from delete: .venv\Lib\site-packages\sympy\functions\__pycache__
[15:49:06] [IGNORE] Protected from delete: .venv\Lib\site-packages\sympy\functions\combinatorial\__pycache__
[15:49:06] [IGNORE] Protected from delete: .venv\Lib\site-packages\sympy\functions\elementary\__pycache__
[15:49:06] [IGNORE] Protected from delete: .venv\Lib\site-packages\sympy\functions\special\__pycache__
[15:49:06] [IGNORE] Protected from delete: .venv\Lib\site-packages\sympy\geometry\__pycache__
[15:49:06] [IGNORE] Protected from delete: .venv\Lib\site-packages\sympy\integrals\__pycache__
[15:49:06] [IGNORE] Protected from delete: .venv\Lib\site-packages\sympy\interactive\__pycache__
[15:49:06] [IGNORE] Protected from delete: .venv\Lib\site-packages\sympy\logic\__pycache__
[15:49:06] [IGNORE] Protected from delete: .venv\Lib\site-packages\sympy\matrices\__pycache__
[15:49:06] [IGNORE] Protected from delete: .venv\Lib\site-packages\sympy\matrices\expressions\__pycache__
[15:49:06] [IGNORE] Protected from delete: .venv\Lib\site-packages\sympy\multipledispatch\__pycache__
[15:49:06] [IGNORE] Protected from delete: .venv\Lib\site-packages\sympy\ntheory\__pycache__
[15:49:06] [IGNORE] Protected from delete: .venv\Lib\site-packages\sympy\parsing\__pycache__
[15:49:06] [IGNORE] Protected from delete: .venv\Lib\site-packages\sympy\plotting\__pycache__
[15:49:06] [IGNORE] Protected from delete: .venv\Lib\site-packages\sympy\plotting\backends\__pycache__
[15:49:06] [IGNORE] Protected from delete: .venv\Lib\site-packages\sympy\plotting\backends\matplotlibbackend\__pycache__
[15:49:06] [IGNORE] Protected from delete: .venv\Lib\site-packages\sympy\plotting\backends\textbackend\__pycache__
[15:49:06] [IGNORE] Protected from delete: .venv\Lib\site-packages\sympy\plotting\intervalmath\__pycache__
[15:49:06] [IGNORE] Protected from delete: .venv\Lib\site-packages\sympy\plotting\pygletplot\__pycache__
[15:49:06] [IGNORE] Protected from delete: .venv\Lib\site-packages\sympy\polys\__pycache__
[15:49:06] [IGNORE] Protected from delete: .venv\Lib\site-packages\sympy\polys\agca\__pycache__
[15:49:06] [IGNORE] Protected from delete: .venv\Lib\site-packages\sympy\polys\domains\__pycache__
[15:49:06] [IGNORE] Protected from delete: .venv\Lib\site-packages\sympy\polys\matrices\__pycache__
[15:49:06] [IGNORE] Protected from delete: .venv\Lib\site-packages\sympy\polys\numberfields\__pycache__
[15:49:06] [IGNORE] Protected from delete: .venv\Lib\site-packages\sympy\printing\__pycache__
[15:49:06] [IGNORE] Protected from delete: .venv\Lib\site-packages\sympy\printing\pretty\__pycache__
[15:49:06] [IGNORE] Protected from delete: .venv\Lib\site-packages\sympy\series\__pycache__
[15:49:06] [IGNORE] Protected from delete: .venv\Lib\site-packages\sympy\sets\__pycache__
[15:49:06] [IGNORE] Protected from delete: .venv\Lib\site-packages\sympy\sets\handlers\__pycache__
[15:49:06] [IGNORE] Protected from delete: .venv\Lib\site-packages\sympy\simplify\__pycache__
[15:49:06] [IGNORE] Protected from delete: .venv\Lib\site-packages\sympy\solvers\__pycache__
[15:49:06] [IGNORE] Protected from delete: .venv\Lib\site-packages\sympy\solvers\diophantine\__pycache__
[15:49:06] [IGNORE] Protected from delete: .venv\Lib\site-packages\sympy\solvers\ode\__pycache__
[15:49:06] [IGNORE] Protected from delete: .venv\Lib\site-packages\sympy\strategies\__pycache__
[15:49:06] [IGNORE] Protected from delete: .venv\Lib\site-packages\sympy\strategies\branch\__pycache__
[15:49:06] [IGNORE] Protected from delete: .venv\Lib\site-packages\sympy\tensor\__pycache__
[15:49:06] [IGNORE] Protected from delete: .venv\Lib\site-packages\sympy\tensor\array\__pycache__
[15:49:06] [IGNORE] Protected from delete: .venv\Lib\site-packages\sympy\utilities\__pycache__
[15:49:06] [IGNORE] Protected from delete: .venv\Lib\site-packages\sympy\utilities\mathml\__pycache__
[15:49:06] [IGNORE] Protected from delete: .venv\Lib\site-packages\tensorboard\__pycache__
[15:49:06] [IGNORE] Protected from delete: .venv\Lib\site-packages\tensorboard\compat\__pycache__
[15:49:06] [IGNORE] Protected from delete: .venv\Lib\site-packages\tensorboard\compat\proto\__pycache__
[15:49:06] [IGNORE] Protected from delete: .venv\Lib\site-packages\tensorboard\compat\tensorflow_stub\__pycache__
[15:49:06] [IGNORE] Protected from delete: .venv\Lib\site-packages\tensorboard\compat\tensorflow_stub\compat\__pycache__
[15:49:06] [IGNORE] Protected from delete: .venv\Lib\site-packages\tensorboard\compat\tensorflow_stub\compat\v1\__pycache__
[15:49:06] [IGNORE] Protected from delete: .venv\Lib\site-packages\tensorboard\compat\tensorflow_stub\io\__pycache__
[15:49:06] [IGNORE] Protected from delete: .venv\Lib\site-packages\tensorboard\plugins\__pycache__
[15:49:06] [IGNORE] Protected from delete: .venv\Lib\site-packages\tensorboard\plugins\audio\__pycache__
[15:49:06] [IGNORE] Protected from delete: .venv\Lib\site-packages\tensorboard\plugins\custom_scalar\__pycache__
[15:49:06] [IGNORE] Protected from delete: .venv\Lib\site-packages\tensorboard\plugins\histogram\__pycache__
[15:49:06] [IGNORE] Protected from delete: .venv\Lib\site-packages\tensorboard\plugins\image\__pycache__
[15:49:06] [IGNORE] Protected from delete: .venv\Lib\site-packages\tensorboard\plugins\projector\__pycache__
[15:49:06] [IGNORE] Protected from delete: .venv\Lib\site-packages\tensorboard\plugins\pr_curve\__pycache__
[15:49:06] [IGNORE] Protected from delete: .venv\Lib\site-packages\tensorboard\plugins\scalar\__pycache__
[15:49:06] [IGNORE] Protected from delete: .venv\Lib\site-packages\tensorboard\plugins\text\__pycache__
[15:49:06] [IGNORE] Protected from delete: .venv\Lib\site-packages\tensorboard\summary\__pycache__
[15:49:06] [IGNORE] Protected from delete: .venv\Lib\site-packages\tensorboard\summary\writer\__pycache__
[15:49:06] [IGNORE] Protected from delete: .venv\Lib\site-packages\tensorboard\util\__pycache__
[15:49:06] [IGNORE] Protected from delete: .venv\Lib\site-packages\torch\__pycache__
[15:49:06] [IGNORE] Protected from delete: .venv\Lib\site-packages\torch\accelerator\__pycache__
[15:49:06] [IGNORE] Protected from delete: .venv\Lib\site-packages\torch\amp\__pycache__
[15:49:06] [IGNORE] Protected from delete: .venv\Lib\site-packages\torch\ao\__pycache__
[15:49:06] [IGNORE] Protected from delete: .venv\Lib\site-packages\torch\ao\nn\__pycache__
[15:49:06] [IGNORE] Protected from delete: .venv\Lib\site-packages\torch\ao\nn\intrinsic\__pycache__
[15:49:06] [IGNORE] Protected from delete: .venv\Lib\site-packages\torch\ao\nn\intrinsic\modules\__pycache__
[15:49:06] [IGNORE] Protected from delete: .venv\Lib\site-packages\torch\ao\nn\intrinsic\qat\__pycache__
[15:49:06] [IGNORE] Protected from delete: .venv\Lib\site-packages\torch\ao\nn\intrinsic\qat\modules\__pycache__
[15:49:06] [IGNORE] Protected from delete: .venv\Lib\site-packages\torch\ao\nn\intrinsic\quantized\__pycache__
[15:49:06] [IGNORE] Protected from delete: .venv\Lib\site-packages\torch\ao\nn\intrinsic\quantized\dynamic\__pycache__
[15:49:06] [IGNORE] Protected from delete: .venv\Lib\site-packages\torch\ao\nn\intrinsic\quantized\dynamic\modules\__pycache__
[15:49:06] [IGNORE] Protected from delete: .venv\Lib\site-packages\torch\ao\nn\intrinsic\quantized\modules\__pycache__
[15:49:06] [IGNORE] Protected from delete: .venv\Lib\site-packages\torch\ao\nn\qat\__pycache__
[15:49:06] [IGNORE] Protected from delete: .venv\Lib\site-packages\torch\ao\nn\qat\dynamic\__pycache__
[15:49:06] [IGNORE] Protected from delete: .venv\Lib\site-packages\torch\ao\nn\qat\dynamic\modules\__pycache__
[15:49:06] [IGNORE] Protected from delete: .venv\Lib\site-packages\torch\ao\nn\qat\modules\__pycache__
[15:49:06] [IGNORE] Protected from delete: .venv\Lib\site-packages\torch\ao\nn\quantizable\__pycache__
[15:49:06] [IGNORE] Protected from delete: .venv\Lib\site-packages\torch\ao\nn\quantizable\modules\__pycache__
[15:49:06] [IGNORE] Protected from delete: .venv\Lib\site-packages\torch\ao\nn\quantized\__pycache__
[15:49:06] [IGNORE] Protected from delete: .venv\Lib\site-packages\torch\ao\nn\quantized\dynamic\__pycache__
[15:49:06] [IGNORE] Protected from delete: .venv\Lib\site-packages\torch\ao\nn\quantized\dynamic\modules\__pycache__
[15:49:06] [IGNORE] Protected from delete: .venv\Lib\site-packages\torch\ao\nn\quantized\modules\__pycache__
[15:49:06] [IGNORE] Protected from delete: .venv\Lib\site-packages\torch\ao\nn\quantized\reference\__pycache__
[15:49:06] [IGNORE] Protected from delete: .venv\Lib\site-packages\torch\ao\nn\quantized\reference\modules\__pycache__
[15:49:06] [IGNORE] Protected from delete: .venv\Lib\site-packages\torch\ao\nn\sparse\__pycache__
[15:49:06] [IGNORE] Protected from delete: .venv\Lib\site-packages\torch\ao\nn\sparse\quantized\__pycache__
[15:49:06] [IGNORE] Protected from delete: .venv\Lib\site-packages\torch\ao\nn\sparse\quantized\dynamic\__pycache__
[15:49:06] [IGNORE] Protected from delete: .venv\Lib\site-packages\torch\ao\ns\__pycache__
[15:49:06] [IGNORE] Protected from delete: .venv\Lib\site-packages\torch\ao\ns\fx\__pycache__
[15:49:06] [IGNORE] Protected from delete: .venv\Lib\site-packages\torch\ao\quantization\__pycache__
[15:49:06] [IGNORE] Protected from delete: .venv\Lib\site-packages\torch\ao\quantization\pt2e\__pycache__
[15:49:06] [IGNORE] Protected from delete: .venv\Lib\site-packages\torch\autograd\__pycache__
[15:49:06] [IGNORE] Protected from delete: .venv\Lib\site-packages\torch\backends\__pycache__
[15:49:06] [IGNORE] Protected from delete: .venv\Lib\site-packages\torch\backends\cpu\__pycache__
[15:49:06] [IGNORE] Protected from delete: .venv\Lib\site-packages\torch\backends\cuda\__pycache__
[15:49:06] [IGNORE] Protected from delete: .venv\Lib\site-packages\torch\backends\cudnn\__pycache__
[15:49:06] [IGNORE] Protected from delete: .venv\Lib\site-packages\torch\backends\cusparselt\__pycache__
[15:49:06] [IGNORE] Protected from delete: .venv\Lib\site-packages\torch\backends\kleidiai\__pycache__
[15:49:06] [IGNORE] Protected from delete: .venv\Lib\site-packages\torch\backends\mha\__pycache__
[15:49:06] [IGNORE] Protected from delete: .venv\Lib\site-packages\torch\backends\mkl\__pycache__
[15:49:06] [IGNORE] Protected from delete: .venv\Lib\site-packages\torch\backends\mkldnn\__pycache__
[15:49:06] [IGNORE] Protected from delete: .venv\Lib\site-packages\torch\backends\mps\__pycache__
[15:49:06] [IGNORE] Protected from delete: .venv\Lib\site-packages\torch\backends\nnpack\__pycache__
[15:49:06] [IGNORE] Protected from delete: .venv\Lib\site-packages\torch\backends\openmp\__pycache__
[15:49:06] [IGNORE] Protected from delete: .venv\Lib\site-packages\torch\backends\quantized\__pycache__
[15:49:06] [IGNORE] Protected from delete: .venv\Lib\site-packages\torch\compiler\__pycache__
[15:49:06] [IGNORE] Protected from delete: .venv\Lib\site-packages\torch\cpu\__pycache__
[15:49:06] [IGNORE] Protected from delete: .venv\Lib\site-packages\torch\cpu\amp\__pycache__
[15:49:06] [IGNORE] Protected from delete: .venv\Lib\site-packages\torch\cuda\__pycache__
[15:49:06] [IGNORE] Protected from delete: .venv\Lib\site-packages\torch\cuda\amp\__pycache__
[15:49:06] [IGNORE] Protected from delete: .venv\Lib\site-packages\torch\distributed\__pycache__
[15:49:06] [IGNORE] Protected from delete: .venv\Lib\site-packages\torch\distributed\algorithms\__pycache__
[15:49:06] [IGNORE] Protected from delete: .venv\Lib\site-packages\torch\distributed\algorithms\_checkpoint\__pycache__
[15:49:06] [IGNORE] Protected from delete: .venv\Lib\site-packages\torch\distributed\algorithms\_comm_hooks\__pycache__
[15:49:06] [IGNORE] Protected from delete: .venv\Lib\site-packages\torch\distributed\autograd\__pycache__
[15:49:06] [IGNORE] Protected from delete: .venv\Lib\site-packages\torch\distributed\fsdp\__pycache__
[15:49:06] [IGNORE] Protected from delete: .venv\Lib\site-packages\torch\distributed\fsdp\_fully_shard\__pycache__
[15:49:06] [IGNORE] Protected from delete: .venv\Lib\site-packages\torch\distributed\nn\__pycache__
[15:49:06] [IGNORE] Protected from delete: .venv\Lib\site-packages\torch\distributed\rpc\__pycache__
[15:49:06] [IGNORE] Protected from delete: .venv\Lib\site-packages\torch\distributed\tensor\__pycache__
[15:49:06] [IGNORE] Protected from delete: .venv\Lib\site-packages\torch\distributed\tensor\parallel\__pycache__
[15:49:06] [IGNORE] Protected from delete: .venv\Lib\site-packages\torch\distributed\tensor\_ops\__pycache__
[15:49:06] [IGNORE] Protected from delete: .venv\Lib\site-packages\torch\distributed\_composable\__pycache__
[15:49:06] [IGNORE] Protected from delete: .venv\Lib\site-packages\torch\distributed\_shard\__pycache__
[15:49:06] [IGNORE] Protected from delete: .venv\Lib\site-packages\torch\distributed\_shard\sharded_tensor\__pycache__
[15:49:06] [IGNORE] Protected from delete: .venv\Lib\site-packages\torch\distributed\_shard\sharded_tensor\_ops\__pycache__
[15:49:06] [IGNORE] Protected from delete: .venv\Lib\site-packages\torch\distributed\_shard\sharding_plan\__pycache__
[15:49:06] [IGNORE] Protected from delete: .venv\Lib\site-packages\torch\distributed\_shard\sharding_spec\__pycache__
[15:49:06] [IGNORE] Protected from delete: .venv\Lib\site-packages\torch\distributed\_shard\sharding_spec\chunk_sharding_spec_ops\__pycache__
[15:49:06] [IGNORE] Protected from delete: .venv\Lib\site-packages\torch\distributions\__pycache__
[15:49:06] [IGNORE] Protected from delete: .venv\Lib\site-packages\torch\export\__pycache__
[15:49:06] [IGNORE] Protected from delete: .venv\Lib\site-packages\torch\fft\__pycache__
[15:49:06] [IGNORE] Protected from delete: .venv\Lib\site-packages\torch\func\__pycache__
[15:49:06] [IGNORE] Protected from delete: .venv\Lib\site-packages\torch\futures\__pycache__
[15:49:06] [IGNORE] Protected from delete: .venv\Lib\site-packages\torch\fx\__pycache__
[15:49:06] [IGNORE] Protected from delete: .venv\Lib\site-packages\torch\fx\experimental\__pycache__
[15:49:06] [IGNORE] Protected from delete: .venv\Lib\site-packages\torch\fx\passes\__pycache__
[15:49:06] [IGNORE] Protected from delete: .venv\Lib\site-packages\torch\fx\passes\infra\__pycache__
[15:49:06] [IGNORE] Protected from delete: .venv\Lib\site-packages\torch\fx\passes\utils\__pycache__
[15:49:06] [IGNORE] Protected from delete: .venv\Lib\site-packages\torch\jit\__pycache__
[15:49:06] [IGNORE] Protected from delete: .venv\Lib\site-packages\torch\linalg\__pycache__
[15:49:06] [IGNORE] Protected from delete: .venv\Lib\site-packages\torch\masked\__pycache__
[15:49:06] [IGNORE] Protected from delete: .venv\Lib\site-packages\torch\masked\maskedtensor\__pycache__
[15:49:06] [IGNORE] Protected from delete: .venv\Lib\site-packages\torch\monitor\__pycache__
[15:49:06] [IGNORE] Protected from delete: .venv\Lib\site-packages\torch\mps\__pycache__
[15:49:06] [IGNORE] Protected from delete: .venv\Lib\site-packages\torch\mtia\__pycache__
[15:49:06] [IGNORE] Protected from delete: .venv\Lib\site-packages\torch\multiprocessing\__pycache__
[15:49:06] [IGNORE] Protected from delete: .venv\Lib\site-packages\torch\nested\__pycache__
[15:49:06] [IGNORE] Protected from delete: .venv\Lib\site-packages\torch\nested\_internal\__pycache__
[15:49:06] [IGNORE] Protected from delete: .venv\Lib\site-packages\torch\nn\__pycache__
[15:49:06] [IGNORE] Protected from delete: .venv\Lib\site-packages\torch\nn\attention\__pycache__
[15:49:06] [IGNORE] Protected from delete: .venv\Lib\site-packages\torch\nn\intrinsic\__pycache__
[15:49:06] [IGNORE] Protected from delete: .venv\Lib\site-packages\torch\nn\intrinsic\modules\__pycache__
[15:49:06] [IGNORE] Protected from delete: .venv\Lib\site-packages\torch\nn\intrinsic\qat\__pycache__
[15:49:06] [IGNORE] Protected from delete: .venv\Lib\site-packages\torch\nn\intrinsic\qat\modules\__pycache__
[15:49:06] [IGNORE] Protected from delete: .venv\Lib\site-packages\torch\nn\intrinsic\quantized\__pycache__
[15:49:06] [IGNORE] Protected from delete: .venv\Lib\site-packages\torch\nn\intrinsic\quantized\dynamic\__pycache__
[15:49:06] [IGNORE] Protected from delete: .venv\Lib\site-packages\torch\nn\intrinsic\quantized\dynamic\modules\__pycache__
[15:49:06] [IGNORE] Protected from delete: .venv\Lib\site-packages\torch\nn\intrinsic\quantized\modules\__pycache__
[15:49:06] [IGNORE] Protected from delete: .venv\Lib\site-packages\torch\nn\modules\__pycache__
[15:49:06] [IGNORE] Protected from delete: .venv\Lib\site-packages\torch\nn\parallel\__pycache__
[15:49:06] [IGNORE] Protected from delete: .venv\Lib\site-packages\torch\nn\qat\__pycache__
[15:49:06] [IGNORE] Protected from delete: .venv\Lib\site-packages\torch\nn\qat\dynamic\__pycache__
[15:49:06] [IGNORE] Protected from delete: .venv\Lib\site-packages\torch\nn\qat\dynamic\modules\__pycache__
[15:49:06] [IGNORE] Protected from delete: .venv\Lib\site-packages\torch\nn\qat\modules\__pycache__
[15:49:06] [IGNORE] Protected from delete: .venv\Lib\site-packages\torch\nn\quantizable\__pycache__
[15:49:06] [IGNORE] Protected from delete: .venv\Lib\site-packages\torch\nn\quantizable\modules\__pycache__
[15:49:06] [IGNORE] Protected from delete: .venv\Lib\site-packages\torch\nn\quantized\__pycache__
[15:49:06] [IGNORE] Protected from delete: .venv\Lib\site-packages\torch\nn\quantized\dynamic\__pycache__
[15:49:06] [IGNORE] Protected from delete: .venv\Lib\site-packages\torch\nn\quantized\modules\__pycache__
[15:49:06] [IGNORE] Protected from delete: .venv\Lib\site-packages\torch\nn\utils\__pycache__
[15:49:06] [IGNORE] Protected from delete: .venv\Lib\site-packages\torch\nn\utils\_expanded_weights\__pycache__
[15:49:06] [IGNORE] Protected from delete: .venv\Lib\site-packages\torch\onnx\__pycache__
[15:49:06] [IGNORE] Protected from delete: .venv\Lib\site-packages\torch\onnx\ops\__pycache__
[15:49:06] [IGNORE] Protected from delete: .venv\Lib\site-packages\torch\onnx\_internal\__pycache__
[15:49:06] [IGNORE] Protected from delete: .venv\Lib\site-packages\torch\onnx\_internal\exporter\__pycache__
[15:49:06] [IGNORE] Protected from delete: .venv\Lib\site-packages\torch\onnx\_internal\fx\__pycache__
[15:49:06] [IGNORE] Protected from delete: .venv\Lib\site-packages\torch\optim\__pycache__
[15:49:06] [IGNORE] Protected from delete: .venv\Lib\site-packages\torch\package\__pycache__
[15:49:06] [IGNORE] Protected from delete: .venv\Lib\site-packages\torch\package\analyze\__pycache__
[15:49:06] [IGNORE] Protected from delete: .venv\Lib\site-packages\torch\profiler\__pycache__
[15:49:06] [IGNORE] Protected from delete: .venv\Lib\site-packages\torch\quantization\__pycache__
[15:49:06] [IGNORE] Protected from delete: .venv\Lib\site-packages\torch\signal\__pycache__
[15:49:06] [IGNORE] Protected from delete: .venv\Lib\site-packages\torch\signal\windows\__pycache__
[15:49:06] [IGNORE] Protected from delete: .venv\Lib\site-packages\torch\sparse\__pycache__
[15:49:06] [IGNORE] Protected from delete: .venv\Lib\site-packages\torch\special\__pycache__
[15:49:06] [IGNORE] Protected from delete: .venv\Lib\site-packages\torch\testing\__pycache__
[15:49:06] [IGNORE] Protected from delete: .venv\Lib\site-packages\torch\testing\_internal\__pycache__
[15:49:06] [IGNORE] Protected from delete: .venv\Lib\site-packages\torch\testing\_internal\distributed\__pycache__
[15:49:06] [IGNORE] Protected from delete: .venv\Lib\site-packages\torch\utils\__pycache__
[15:49:06] [IGNORE] Protected from delete: .venv\Lib\site-packages\torch\utils\backcompat\__pycache__
[15:49:06] [IGNORE] Protected from delete: .venv\Lib\site-packages\torch\utils\data\__pycache__
[15:49:06] [IGNORE] Protected from delete: .venv\Lib\site-packages\torch\utils\data\datapipes\__pycache__
[15:49:06] [IGNORE] Protected from delete: .venv\Lib\site-packages\torch\utils\data\datapipes\dataframe\__pycache__
[15:49:06] [IGNORE] Protected from delete: .venv\Lib\site-packages\torch\utils\data\datapipes\iter\__pycache__
[15:49:06] [IGNORE] Protected from delete: .venv\Lib\site-packages\torch\utils\data\datapipes\map\__pycache__
[15:49:06] [IGNORE] Protected from delete: .venv\Lib\site-packages\torch\utils\data\datapipes\utils\__pycache__
[15:49:06] [IGNORE] Protected from delete: .venv\Lib\site-packages\torch\utils\data\_utils\__pycache__
[15:49:06] [IGNORE] Protected from delete: .venv\Lib\site-packages\torch\utils\serialization\__pycache__
[15:49:06] [IGNORE] Protected from delete: .venv\Lib\site-packages\torch\utils\tensorboard\__pycache__
[15:49:06] [IGNORE] Protected from delete: .venv\Lib\site-packages\torch\utils\_sympy\__pycache__
[15:49:06] [IGNORE] Protected from delete: .venv\Lib\site-packages\torch\xpu\__pycache__
[15:49:06] [IGNORE] Protected from delete: .venv\Lib\site-packages\torch\_awaits\__pycache__
[15:49:06] [IGNORE] Protected from delete: .venv\Lib\site-packages\torch\_custom_op\__pycache__
[15:49:06] [IGNORE] Protected from delete: .venv\Lib\site-packages\torch\_decomp\__pycache__
[15:49:06] [IGNORE] Protected from delete: .venv\Lib\site-packages\torch\_dispatch\__pycache__
[15:49:06] [IGNORE] Protected from delete: .venv\Lib\site-packages\torch\_dynamo\__pycache__
[15:49:06] [IGNORE] Protected from delete: .venv\Lib\site-packages\torch\_dynamo\backends\__pycache__
[15:49:06] [IGNORE] Protected from delete: .venv\Lib\site-packages\torch\_dynamo\polyfills\__pycache__
[15:49:06] [IGNORE] Protected from delete: .venv\Lib\site-packages\torch\_dynamo\variables\__pycache__
[15:49:06] [IGNORE] Protected from delete: .venv\Lib\site-packages\torch\_export\__pycache__
[15:49:06] [IGNORE] Protected from delete: .venv\Lib\site-packages\torch\_functorch\__pycache__
[15:49:06] [IGNORE] Protected from delete: .venv\Lib\site-packages\torch\_functorch\_aot_autograd\__pycache__
[15:49:06] [IGNORE] Protected from delete: .venv\Lib\site-packages\torch\_higher_order_ops\__pycache__
[15:49:06] [IGNORE] Protected from delete: .venv\Lib\site-packages\torch\_inductor\__pycache__
[15:49:06] [IGNORE] Protected from delete: .venv\Lib\site-packages\torch\_inductor\runtime\__pycache__
[15:49:06] [IGNORE] Protected from delete: .venv\Lib\site-packages\torch\_library\__pycache__
[15:49:06] [IGNORE] Protected from delete: .venv\Lib\site-packages\torch\_logging\__pycache__
[15:49:06] [IGNORE] Protected from delete: .venv\Lib\site-packages\torch\_numpy\__pycache__
[15:49:06] [IGNORE] Protected from delete: .venv\Lib\site-packages\torch\_prims\__pycache__
[15:49:06] [IGNORE] Protected from delete: .venv\Lib\site-packages\torch\_prims_common\__pycache__
[15:49:06] [IGNORE] Protected from delete: .venv\Lib\site-packages\torch\_refs\__pycache__
[15:49:06] [IGNORE] Protected from delete: .venv\Lib\site-packages\torch\_refs\linalg\__pycache__
[15:49:06] [IGNORE] Protected from delete: .venv\Lib\site-packages\torch\_refs\nn\__pycache__
[15:49:06] [IGNORE] Protected from delete: .venv\Lib\site-packages\torch\_refs\nn\functional\__pycache__
[15:49:06] [IGNORE] Protected from delete: .venv\Lib\site-packages\torch\_refs\special\__pycache__
[15:49:06] [IGNORE] Protected from delete: .venv\Lib\site-packages\torch\_strobelight\__pycache__
[15:49:06] [IGNORE] Protected from delete: .venv\Lib\site-packages\torch\_subclasses\__pycache__
[15:49:06] [IGNORE] Protected from delete: .venv\Lib\site-packages\torch\_vendor\__pycache__
[15:49:06] [IGNORE] Protected from delete: .venv\Lib\site-packages\torch\_vendor\packaging\__pycache__
[15:49:06] [IGNORE] Protected from delete: .venv\Lib\site-packages\torchgen\__pycache__
[15:49:06] [IGNORE] Protected from delete: .venv\Lib\site-packages\tqdm\__pycache__
[15:49:06] [IGNORE] Protected from delete: .venv\Lib\site-packages\yaml\__pycache__
[15:49:06] [IGNORE] Protected from delete: .venv\Lib\site-packages\_distutils_hack\__pycache__
[15:49:06] [IGNORE] Protected from delete: .venv\Lib\site-packages\_pytest\__pycache__
[15:49:06] [IGNORE] Protected from delete: .venv\Lib\site-packages\_pytest\assertion\__pycache__
[15:49:06] [IGNORE] Protected from delete: .venv\Lib\site-packages\_pytest\config\__pycache__
[15:49:06] [IGNORE] Protected from delete: .venv\Lib\site-packages\_pytest\mark\__pycache__
[15:49:06] [IGNORE] Protected from delete: .venv\Lib\site-packages\_pytest\_code\__pycache__
[15:49:06] [IGNORE] Protected from delete: .venv\Lib\site-packages\_pytest\_io\__pycache__
[15:49:06] [IGNORE] Protected from delete: .venv\Lib\site-packages\_pytest\_py\__pycache__
[15:49:06] [IGNORE] Protected from delete: scripts\__pycache__
[15:49:06] [IGNORE] Protected from delete: src\csp_rl\__pycache__
[15:49:06] [IGNORE] Protected from delete: src\csp_rl\agents\__pycache__
[15:49:06] [IGNORE] Protected from delete: src\csp_rl\envs\__pycache__
[15:49:06] [IGNORE] Protected from delete: src\csp_rl\utils\__pycache__
[15:49:06] [IGNORE] Protected from delete: tests\__pycache__
[15:49:06] [IGNORE] Protected from delete: tools\__pycache__
[15:49:06] [IGNORE] Not deleting directory via 'delete': .pytest_cache
[15:49:06] [DELETE] reports\patterns_pipe(AutoRecovered).csv
[15:49:06] [DELETE-EMPTY] reports\runs
SUMMARY moved=0 deleted=0 ignored=446
